// Vitest Snapshot v1, https://vitest.dev/guide/snapshot.html

exports[`science > 42 > chemicalElement 1`] = `
{
  "atomicNumber": 45,
  "name": "Rhodium",
  "symbol": "Rh",
}
`;

exports[`science > 42 > notation 1`] = `
{
  "name": "gravity",
  "symbol": "G",
}
`;

exports[`science > 42 > unit 1`] = `
{
  "name": "pascal",
  "symbol": "Pa",
}
`;

exports[`science > 1211 > chemicalElement 1`] = `
{
  "atomicNumber": 110,
  "name": "Darmstadtium",
  "symbol": "Ds",
}
`;

exports[`science > 1211 > notation 1`] = `
{
  "name": "power",
  "symbol": "P",
}
`;

exports[`science > 1211 > unit 1`] = `
{
  "name": "henry",
  "symbol": "H",
}
`;

exports[`science > 1337 > chemicalElement 1`] = `
{
  "atomicNumber": 31,
  "name": "Gallium",
  "symbol": "Ga",
}
`;

exports[`science > 1337 > notation 1`] = `
{
  "name": "force",
  "symbol": "F",
}
`;

exports[`science > 1337 > unit 1`] = `
{
  "name": "radian",
  "symbol": "rad",
}
`;
